{
  "summary": {
    "amount.sum": 350
  },
  "count": 3,
  "cells": [
    {
      "dimensions": [
        {
          "keyField": "administrative_classification.admin1",
          "nameField": "administrative_classification.admin1",
          "keyValue": "Central",
          "nameValue": "Central"
        }
      ],
      "measures": [
        {
          "key": "amount.sum",
          "name": "Amount",
          "value": 100
        }
      ]
    },
    {
      "dimensions": [
        {
          "keyField": "administrative_classification.admin1",
          "nameField": "administrative_classification.admin1",
          "keyValue": "Other",
          "nameValue": "Other"
        }
      ],
      "measures": [
        {
          "key": "amount.sum",
          "name": "Amount",
          "value": 200
        }
      ]
    },
    {
      "dimensions": [
        {
          "keyField": "administrative_classification.admin1",
          "nameField": "administrative_classification.admin1",
          "keyValue": "Local",
          "nameValue": "Local"
        }
      ],
      "measures": [
        {
          "key": "amount.sum",
          "name": "Amount",
          "value": 50
        }
      ]
    }
  ]
}
